Last login: Wed Oct  6 12:22:44 on ttys000
WK@CarviS-on-Mac ~ % cd Desktop 
WK@CarviS-on-Mac Desktop % cd GitSample 
WK@CarviS-on-Mac GitSample % ls
WK@CarviS-on-Mac GitSample % git init
Reinitialized existing Git repository in /Users/WK/Desktop/GitSample/.git/
WK@CarviS-on-Mac GitSample % touch file.html
WK@CarviS-on-Mac GitSample % touch otherfile.html
WK@CarviS-on-Mac GitSample % git add .
WK@CarviS-on-Mac GitSample % git log --online
fatal: unrecognized argument: --online
WK@CarviS-on-Mac GitSample % git log --oneline
9ee9b2f (HEAD -> master) commit file.html
WK@CarviS-on-Mac GitSample % git commit -m "file.html"
On branch master
nothing to commit, working tree clean
WK@CarviS-on-Mac GitSample % git status
On branch master
nothing to commit, working tree clean
WK@CarviS-on-Mac GitSample % git log
commit 9ee9b2f7ccaecc2f867464da735bf771bcfdd5f4 (HEAD -> master)
Author: CarviS <kaywong0302@outlook.com>
Date:   Fri Oct 1 12:25:34 2021 -0400

    commit file.html
WK@CarviS-on-Mac GitSample % git commit --amend -m "commit file.html"
[master 47db83f] commit file.html
 Date: Fri Oct 1 12:25:34 2021 -0400
 2 files changed, 0 insertions(+), 0 deletions(-)
 create mode 100644 file.html
 create mode 100644 otherfile.html
WK@CarviS-on-Mac GitSample % git log --oneline
47db83f (HEAD -> master) commit file.html
WK@CarviS-on-Mac GitSample % rm file.html
WK@CarviS-on-Mac GitSample % ls -al
total 0
drwxr-xr-x   4 WK  staff   128 Oct  6 12:26 .
drwx------@ 80 WK  staff  2560 Oct  3 17:45 ..
drwxr-xr-x  15 WK  staff   480 Oct  6 12:26 .git
-rw-r--r--   1 WK  staff     0 Oct  6 12:24 otherfile.html
WK@CarviS-on-Mac GitSample % git status
On branch master
Changes not staged for commit:
  (use "git add/rm <file>..." to update what will be committed)
  (use "git restore <file>..." to discard changes in working directory)
  deleted:    file.html

no changes added to commit (use "git add" and/or "git commit -a")
WK@CarviS-on-Mac GitSample % git checkout file.html
Updated 1 path from the index
WK@CarviS-on-Mac GitSample % git status
On branch master
nothing to commit, working tree clean
WK@CarviS-on-Mac GitSample % ls -al
total 0
drwxr-xr-x   5 WK  staff   160 Oct  6 12:26 .
drwx------@ 80 WK  staff  2560 Oct  3 17:45 ..
drwxr-xr-x  15 WK  staff   480 Oct  6 12:27 .git
-rw-r--r--   1 WK  staff     0 Oct  6 12:26 file.html
-rw-r--r--   1 WK  staff     0 Oct  6 12:24 otherfile.html
WK@CarviS-on-Mac GitSample % rm file.html
WK@CarviS-on-Mac GitSample % git add .
WK@CarviS-on-Mac GitSample % git commit -m "remove file.html"
[master 9d784e7] remove file.html
 1 file changed, 0 insertions(+), 0 deletions(-)
 delete mode 100644 file.html
WK@CarviS-on-Mac GitSample % ls -al
total 0
drwxr-xr-x   4 WK  staff   128 Oct  6 12:27 .
drwx------@ 80 WK  staff  2560 Oct  3 17:45 ..
drwxr-xr-x  15 WK  staff   480 Oct  6 12:27 .git
-rw-r--r--   1 WK  staff     0 Oct  6 12:24 otherfile.html
WK@CarviS-on-Mac GitSample % git log --oneline
9d784e7 (HEAD -> master) remove file.html
47db83f commit file.html
WK@CarviS-on-Mac GitSample % git reset --hard 9d784e7
HEAD is now at 9d784e7 remove file.html
WK@CarviS-on-Mac GitSample % ls -al
total 0
drwxr-xr-x   4 WK  staff   128 Oct  6 12:27 .
drwx------@ 80 WK  staff  2560 Oct  3 17:45 ..
drwxr-xr-x  15 WK  staff   480 Oct  6 12:28 .git
-rw-r--r--   1 WK  staff     0 Oct  6 12:24 otherfile.html
WK@CarviS-on-Mac GitSample % git log --oneline
9d784e7 (HEAD -> master) remove file.html
47db83f commit file.html
WK@CarviS-on-Mac GitSample % commit file.html
zsh: command not found: commit
WK@CarviS-on-Mac GitSample % git revert HEAD
hint: Waiting for your editor to close the file... error: There was a problem with the editor 'vi'.
Please supply the message using either -m or -F option.
WK@CarviS-on-Mac GitSample % ---------------------------
zsh: command not found: ---------------------------
WK@CarviS-on-Mac GitSample % cd ..
WK@CarviS-on-Mac Desktop % ls
$RECYCLE.BIN
111-Lab2-Free-Fall.pdf
750ml
APP
BitComet
CS371
CS389
CS389Local
CS389_AndroidStudioProjects
CS488
ClashX Pro
DeepL
Eclipse
GitSample
Guidelines for physics  lab reports_2015.pdf
InsomniaX
Microsoft Excel
Microsoft OneNote
Microsoft Outlook
Microsoft PowerPoint
Microsoft Word
Movist
PHY 111
Parallels Desktop
QQ
ShareWithPC
Sublime Text
Thumbs.db
VMware Fusion
VirtualBox
Visual Studio Code.app
Wang, Kai BS CS 4-28-2021 Worksheet2019.pdf
android-studio-2020.3.1.24-mac.dmg
desktop.ini
pace
sean
~$ ASSIGNMENT 1 2.docx
~$ GPS Ruining Our Brains?.docx
~$ Outline.docx
~$ draft.docx
~$361_GroupProject 1.docx
~$Futures Studies 2 Week 8.pptx
~$anslation.docx
~$cture 4.doc
~$fference between cats and dogs(by Kay).docx
~$oject 7 2.doc
~$oject 7.doc
~$roline.doc
~$va Tutorial.doc
~$y-王锴（Wang Kai）.docx
~$文案工作1.docx
~$沙滩”露营计划.docx
~$英语作业2.docx
东西
中苏关系内幕纪实：中苏关系三十五年.txt
便笺
微信
截屏2021-09-27 下午9.33.56 (2).png
截屏2021-09-27 下午9.33.56.png
截屏2021-09-30 下午3.27.32.png
柏林苍穹下
琐杂
百度网盘
签证
计算机专业英语词汇大全(完美打印版).pdf
迁移的项目.nosync
迅雷
邮件
WK@CarviS-on-Mac Desktop % cd CS389Local 
WK@CarviS-on-Mac CS389Local % ls
WK@CarviS-on-Mac CS389Local % git clone https://github.com.yourpseudo/CS389Remote.git
Cloning into 'CS389Remote'...
fatal: unable to access 'https://github.com.yourpseudo/CS389Remote.git/': Could not resolve host: github.com.yourpseudo
WK@CarviS-on-Mac CS389Local % git clone https://github.com/yourpseudo/CS389Remote.git
Cloning into 'CS389Remote'...
Username for 'https://github.com': CarviS0302
Password for 'https://CarviS0302@github.com': 
remote: Support for password authentication was removed on August 13, 2021. Please use a personal access token instead.
remote: Please see https://github.blog/2020-12-15-token-authentication-requirements-for-git-operations/ for more information.
fatal: Authentication failed for 'https://github.com/yourpseudo/CS389Remote.git/'
WK@CarviS-on-Mac CS389Local % git clone https://github.com/yourpseudo/CS389Remote.git
Cloning into 'CS389Remote'...
Username for 'https://github.com': CarviS0302
Password for 'https://CarviS0302@github.com': 
remote: Repository not found.
fatal: repository 'https://github.com/yourpseudo/CS389Remote.git/' not found
WK@CarviS-on-Mac CS389Local % cd ..                                   
WK@CarviS-on-Mac Desktop % cd GitSample 
WK@CarviS-on-Mac GitSample % ls
file.html otherfile.html
WK@CarviS-on-Mac GitSample % git log
commit 9d784e7a9ba96749803078f23eccefdd479ee030 (HEAD -> master)
Author: CarviS <kaywong0302@outlook.com>
Date:   Wed Oct 6 12:27:47 2021 -0400

    remove file.html

commit 47db83f9902b114298d01b41a377e29d2c5cd357
Author: CarviS <kaywong0302@outlook.com>
Date:   Fri Oct 1 12:25:34 2021 -0400

    commit file.html
WK@CarviS-on-Mac GitSample % cd ..       
WK@CarviS-on-Mac Desktop % ls CS389Local 
WK@CarviS-on-Mac Desktop % ls
$RECYCLE.BIN
111-Lab2-Free-Fall.pdf
750ml
APP
BitComet
CS371
CS389
CS389Local
CS389_AndroidStudioProjects
CS488
ClashX Pro
DeepL
Eclipse
GitSample
Guidelines for physics  lab reports_2015.pdf
InsomniaX
Microsoft Excel
Microsoft OneNote
Microsoft Outlook
Microsoft PowerPoint
Microsoft Word
Movist
PHY 111
Parallels Desktop
QQ
ShareWithPC
Sublime Text
Thumbs.db
VMware Fusion
VirtualBox
Visual Studio Code.app
Wang, Kai BS CS 4-28-2021 Worksheet2019.pdf
android-studio-2020.3.1.24-mac.dmg
desktop.ini
pace
sean
~$ ASSIGNMENT 1 2.docx
~$ GPS Ruining Our Brains?.docx
~$ Outline.docx
~$ draft.docx
~$361_GroupProject 1.docx
~$Futures Studies 2 Week 8.pptx
~$anslation.docx
~$cture 4.doc
~$fference between cats and dogs(by Kay).docx
~$oject 7 2.doc
~$oject 7.doc
~$roline.doc
~$va Tutorial.doc
~$y-王锴（Wang Kai）.docx
~$文案工作1.docx
~$沙滩”露营计划.docx
~$英语作业2.docx
东西
中苏关系内幕纪实：中苏关系三十五年.txt
便笺
微信
截屏2021-09-27 下午9.33.56 (2).png
截屏2021-09-27 下午9.33.56.png
截屏2021-09-30 下午3.27.32.png
柏林苍穹下
琐杂
百度网盘
签证
计算机专业英语词汇大全(完美打印版).pdf
迁移的项目.nosync
迅雷
邮件
WK@CarviS-on-Mac Desktop % cd CS389Local 
WK@CarviS-on-Mac CS389Local % ls
WK@CarviS-on-Mac CS389Local % git clone https://github.com/yourpseudo/CS389Remote.git
Cloning into 'CS389Remote'...
Username for 'https://github.com': CarviS0302
Password for 'https://CarviS0302@github.com': 
remote: Repository not found.
fatal: repository 'https://github.com/yourpseudo/CS389Remote.git/' not found
WK@CarviS-on-Mac CS389Local % git clone https://github.com/yourpseudo/CS389Remote.git

Cloning into 'CS389Remote'...
Username for 'https://github.com': CarviS0302
Password for 'https://CarviS0302@github.com': 
remote: Repository not found.
fatal: repository 'https://github.com/yourpseudo/CS389Remote.git/' not found
WK@CarviS-on-Mac CS389Local % git clone https://github.com/scharffc/CS389.git
Cloning into 'CS389'...
remote: Enumerating objects: 382, done.
remote: Counting objects: 100% (382/382), done.
remote: Compressing objects: 100% (252/252), done.
remote: Total 382 (delta 89), reused 367 (delta 87), pack-reused 0
Receiving objects: 100% (382/382), 14.85 MiB | 7.47 MiB/s, done.
Resolving deltas: 100% (89/89), done.
WK@CarviS-on-Mac CS389Local % ls
CS389
WK@CarviS-on-Mac CS389Local % cd CS389 
WK@CarviS-on-Mac CS389 % ls
DecoratorSample   FactorySample   SingletonSample
Factorial.java    Fibonacci.java
FactorialTest.java  README.md
WK@CarviS-on-Mac CS389 % 
